Analysis & Synthesis report for uart_rev
Tue Aug 18 22:20:59 2026
Quartus Prime Version 25.1std.0 Build 1129 10/21/2025 SC Lite Edition


---------------------
; Table of Contents ;
---------------------
  1. Legal Notice
  2. Analysis & Synthesis Summary
  3. Analysis & Synthesis Settings
  4. Parallel Compilation
  5. Analysis & Synthesis Source Files Read
  6. Analysis & Synthesis Resource Usage Summary
  7. Analysis & Synthesis Resource Utilization by Entity
  8. State Machine - |apb_uart_controller|uart_rx:u_uart_rx|state
  9. State Machine - |apb_uart_controller|uart_tx:u_uart_tx|state
 10. Registers Removed During Synthesis
 11. General Register Statistics
 12. Inverted Register Statistics
 13. Multiplexer Restructuring Statistics (Restructuring Performed)
 14. Post-Synthesis Netlist Statistics for Top Partition
 15. Elapsed Time Per Partition
 16. Analysis & Synthesis Messages
 17. Analysis & Synthesis Suppressed Messages



----------------
; Legal Notice ;
----------------
Copyright (C) 2025  Altera Corporation. All rights reserved.
Your use of Altera Corporation's design tools, logic functions 
and other software and tools, and any partner logic 
functions, and any output files from any of the foregoing 
(including device programming or simulation files), and any 
associated documentation or information are expressly subject 
to the terms and conditions of the Altera Program License 
Subscription Agreement, the Altera Quartus Prime License Agreement,
the Altera IP License Agreement, or other applicable license
agreement, including, without limitation, that your use is for
the sole purpose of programming logic devices manufactured by
Altera and sold by Altera or its authorized distributors.  Please
refer to the Altera Software License Subscription Agreements 
on the Quartus Prime software download page.



+-----------------------------------------------------------------------------------+
; Analysis & Synthesis Summary                                                      ;
+---------------------------------+-------------------------------------------------+
; Analysis & Synthesis Status     ; Successful - Tue Aug 18 22:20:59 2026           ;
; Quartus Prime Version           ; 25.1std.0 Build 1129 10/21/2025 SC Lite Edition ;
; Revision Name                   ; uart_rev                                        ;
; Top-level Entity Name           ; apb_uart_controller                             ;
; Family                          ; Cyclone V                                       ;
; Logic utilization (in ALMs)     ; N/A                                             ;
; Total registers                 ; 108                                             ;
; Total pins                      ; 81                                              ;
; Total virtual pins              ; 0                                               ;
; Total block memory bits         ; 0                                               ;
; Total DSP Blocks                ; 0                                               ;
; Total HSSI RX PCSs              ; 0                                               ;
; Total HSSI PMA RX Deserializers ; 0                                               ;
; Total HSSI TX PCSs              ; 0                                               ;
; Total HSSI PMA TX Serializers   ; 0                                               ;
; Total PLLs                      ; 0                                               ;
; Total DLLs                      ; 0                                               ;
+---------------------------------+-------------------------------------------------+


+----------------------------------------------------------------------------------------------------------------------------+
; Analysis & Synthesis Settings                                                                                              ;
+---------------------------------------------------------------------------------+---------------------+--------------------+
; Option                                                                          ; Setting             ; Default Value      ;
+---------------------------------------------------------------------------------+---------------------+--------------------+
; Device                                                                          ; 5CGXFC7C6F23C6      ;                    ;
; Top-level entity name                                                           ; apb_uart_controller ; uart_rev           ;
; Family name                                                                     ; Cyclone V           ; Cyclone V          ;
; Use smart compilation                                                           ; Off                 ; Off                ;
; Enable parallel Assembler and Timing Analyzer during compilation                ; On                  ; On                 ;
; Enable compact report table                                                     ; Off                 ; Off                ;
; Restructure Multiplexers                                                        ; Auto                ; Auto               ;
; MLAB Add Timing Constraints For Mixed-Port Feed-Through Mode Setting Don't Care ; Off                 ; Off                ;
; Create Debugging Nodes for IP Cores                                             ; Off                 ; Off                ;
; Preserve fewer node names                                                       ; On                  ; On                 ;
; Intel FPGA IP Evaluation Mode                                                   ; Enable              ; Enable             ;
; Verilog Version                                                                 ; Verilog_2001        ; Verilog_2001       ;
; VHDL Version                                                                    ; VHDL_1993           ; VHDL_1993          ;
; State Machine Processing                                                        ; Auto                ; Auto               ;
; Safe State Machine                                                              ; Off                 ; Off                ;
; Extract Verilog State Machines                                                  ; On                  ; On                 ;
; Extract VHDL State Machines                                                     ; On                  ; On                 ;
; Ignore Verilog initial constructs                                               ; Off                 ; Off                ;
; Iteration limit for constant Verilog loops                                      ; 5000                ; 5000               ;
; Iteration limit for non-constant Verilog loops                                  ; 250                 ; 250                ;
; Add Pass-Through Logic to Inferred RAMs                                         ; On                  ; On                 ;
; Infer RAMs from Raw Logic                                                       ; On                  ; On                 ;
; Parallel Synthesis                                                              ; On                  ; On                 ;
; DSP Block Balancing                                                             ; Auto                ; Auto               ;
; NOT Gate Push-Back                                                              ; On                  ; On                 ;
; Power-Up Don't Care                                                             ; On                  ; On                 ;
; Remove Redundant Logic Cells                                                    ; Off                 ; Off                ;
; Remove Duplicate Registers                                                      ; On                  ; On                 ;
; Ignore CARRY Buffers                                                            ; Off                 ; Off                ;
; Ignore CASCADE Buffers                                                          ; Off                 ; Off                ;
; Ignore GLOBAL Buffers                                                           ; Off                 ; Off                ;
; Ignore ROW GLOBAL Buffers                                                       ; Off                 ; Off                ;
; Ignore LCELL Buffers                                                            ; Off                 ; Off                ;
; Ignore SOFT Buffers                                                             ; On                  ; On                 ;
; Limit AHDL Integers to 32 Bits                                                  ; Off                 ; Off                ;
; Optimization Technique                                                          ; Balanced            ; Balanced           ;
; Carry Chain Length                                                              ; 70                  ; 70                 ;
; Auto Carry Chains                                                               ; On                  ; On                 ;
; Auto Open-Drain Pins                                                            ; On                  ; On                 ;
; Perform WYSIWYG Primitive Resynthesis                                           ; Off                 ; Off                ;
; Auto ROM Replacement                                                            ; On                  ; On                 ;
; Auto RAM Replacement                                                            ; On                  ; On                 ;
; Auto DSP Block Replacement                                                      ; On                  ; On                 ;
; Auto Shift Register Replacement                                                 ; Auto                ; Auto               ;
; Allow Shift Register Merging across Hierarchies                                 ; Auto                ; Auto               ;
; Auto Clock Enable Replacement                                                   ; On                  ; On                 ;
; Strict RAM Replacement                                                          ; Off                 ; Off                ;
; Allow Synchronous Control Signals                                               ; On                  ; On                 ;
; Force Use of Synchronous Clear Signals                                          ; Off                 ; Off                ;
; Auto Resource Sharing                                                           ; Off                 ; Off                ;
; Allow Any RAM Size For Recognition                                              ; Off                 ; Off                ;
; Allow Any ROM Size For Recognition                                              ; Off                 ; Off                ;
; Allow Any Shift Register Size For Recognition                                   ; Off                 ; Off                ;
; Use LogicLock Constraints during Resource Balancing                             ; On                  ; On                 ;
; Ignore translate_off and synthesis_off directives                               ; Off                 ; Off                ;
; Timing-Driven Synthesis                                                         ; On                  ; On                 ;
; Report Parameter Settings                                                       ; On                  ; On                 ;
; Report Source Assignments                                                       ; On                  ; On                 ;
; Report Connectivity Checks                                                      ; On                  ; On                 ;
; Ignore Maximum Fan-Out Assignments                                              ; Off                 ; Off                ;
; Synchronization Register Chain Length                                           ; 3                   ; 3                  ;
; Power Optimization During Synthesis                                             ; Normal compilation  ; Normal compilation ;
; HDL message level                                                               ; Level2              ; Level2             ;
; Suppress Register Optimization Related Messages                                 ; Off                 ; Off                ;
; Number of Removed Registers Reported in Synthesis Report                        ; 5000                ; 5000               ;
; Number of Swept Nodes Reported in Synthesis Report                              ; 5000                ; 5000               ;
; Number of Inverted Registers Reported in Synthesis Report                       ; 100                 ; 100                ;
; Clock MUX Protection                                                            ; On                  ; On                 ;
; Auto Gated Clock Conversion                                                     ; Off                 ; Off                ;
; Block Design Naming                                                             ; Auto                ; Auto               ;
; SDC constraint protection                                                       ; Off                 ; Off                ;
; Synthesis Effort                                                                ; Auto                ; Auto               ;
; Shift Register Replacement - Allow Asynchronous Clear Signal                    ; On                  ; On                 ;
; Pre-Mapping Resynthesis Optimization                                            ; Off                 ; Off                ;
; Analysis & Synthesis Message Level                                              ; Medium              ; Medium             ;
; Disable Register Merging Across Hierarchies                                     ; Auto                ; Auto               ;
; Resource Aware Inference For Block RAM                                          ; On                  ; On                 ;
; Automatic Parallel Synthesis                                                    ; On                  ; On                 ;
; Partial Reconfiguration Bitstream ID                                            ; Off                 ; Off                ;
+---------------------------------------------------------------------------------+---------------------+--------------------+


+------------------------------------------+
; Parallel Compilation                     ;
+----------------------------+-------------+
; Processors                 ; Number      ;
+----------------------------+-------------+
; Number detected on machine ; 20          ;
; Maximum allowed            ; 14          ;
;                            ;             ;
; Average used               ; 1.00        ;
; Maximum used               ; 14          ;
;                            ;             ;
; Usage by Processor         ; % Time Used ;
;     Processor 1            ; 100.0%      ;
;     Processors 2-14        ;   0.0%      ;
+----------------------------+-------------+


+--------------------------------------------------------------------------------------------------------------------------------------------------+
; Analysis & Synthesis Source Files Read                                                                                                           ;
+----------------------------------+-----------------+------------------------+----------------------------------------------------------+---------+
; File Name with User-Entered Path ; Used in Netlist ; File Type              ; File Name with Absolute Path                             ; Library ;
+----------------------------------+-----------------+------------------------+----------------------------------------------------------+---------+
; rtl/apb_slave.v                  ; yes             ; User Verilog HDL File  ; C:/Users/AKSHAY/Downloads/UART/rtl/apb_slave.v           ;         ;
; rtl/apb_uart_controller.v        ; yes             ; User Verilog HDL File  ; C:/Users/AKSHAY/Downloads/UART/rtl/apb_uart_controller.v ;         ;
; rtl/baud_generator.v             ; yes             ; User Verilog HDL File  ; C:/Users/AKSHAY/Downloads/UART/rtl/baud_generator.v      ;         ;
; rtl/uart_rx.v                    ; yes             ; User Verilog HDL File  ; C:/Users/AKSHAY/Downloads/UART/rtl/uart_rx.v             ;         ;
; rtl/uart_tx.v                    ; yes             ; User Verilog HDL File  ; C:/Users/AKSHAY/Downloads/UART/rtl/uart_tx.v             ;         ;
+----------------------------------+-----------------+------------------------+----------------------------------------------------------+---------+


+----------------------------------------------------------+
; Analysis & Synthesis Resource Usage Summary              ;
+---------------------------------------------+------------+
; Resource                                    ; Usage      ;
+---------------------------------------------+------------+
; Estimate of Logic utilization (ALMs needed) ; 88         ;
;                                             ;            ;
; Combinational ALUT usage for logic          ; 139        ;
;     -- 7 input functions                    ; 2          ;
;     -- 6 input functions                    ; 29         ;
;     -- 5 input functions                    ; 34         ;
;     -- 4 input functions                    ; 27         ;
;     -- <=3 input functions                  ; 47         ;
;                                             ;            ;
; Dedicated logic registers                   ; 108        ;
;                                             ;            ;
; I/O pins                                    ; 81         ;
;                                             ;            ;
; Total DSP Blocks                            ; 0          ;
;                                             ;            ;
; Maximum fan-out node                        ; PCLK~input ;
; Maximum fan-out                             ; 108        ;
; Total fan-out                               ; 1067       ;
; Average fan-out                             ; 2.61       ;
+---------------------------------------------+------------+


+-------------------------------------------------------------------------------------------------------------------------------------------------------------------------------------------------------------------------------+
; Analysis & Synthesis Resource Utilization by Entity                                                                                                                                                                           ;
+--------------------------------+---------------------+---------------------------+-------------------+------------+------+--------------+------------------------------------------------+---------------------+--------------+
; Compilation Hierarchy Node     ; Combinational ALUTs ; Dedicated Logic Registers ; Block Memory Bits ; DSP Blocks ; Pins ; Virtual Pins ; Full Hierarchy Name                            ; Entity Name         ; Library Name ;
+--------------------------------+---------------------+---------------------------+-------------------+------------+------+--------------+------------------------------------------------+---------------------+--------------+
; |apb_uart_controller           ; 139 (0)             ; 108 (0)                   ; 0                 ; 0          ; 81   ; 0            ; |apb_uart_controller                           ; apb_uart_controller ; work         ;
;    |apb_slave:u_apb_slave|     ; 42 (42)             ; 38 (38)                   ; 0                 ; 0          ; 0    ; 0            ; |apb_uart_controller|apb_slave:u_apb_slave     ; apb_slave           ; work         ;
;    |baud_generator:u_baud_gen| ; 32 (32)             ; 17 (17)                   ; 0                 ; 0          ; 0    ; 0            ; |apb_uart_controller|baud_generator:u_baud_gen ; baud_generator      ; work         ;
;    |uart_rx:u_uart_rx|         ; 34 (34)             ; 32 (32)                   ; 0                 ; 0          ; 0    ; 0            ; |apb_uart_controller|uart_rx:u_uart_rx         ; uart_rx             ; work         ;
;    |uart_tx:u_uart_tx|         ; 31 (31)             ; 21 (21)                   ; 0                 ; 0          ; 0    ; 0            ; |apb_uart_controller|uart_tx:u_uart_tx         ; uart_tx             ; work         ;
+--------------------------------+---------------------+---------------------------+-------------------+------------+------+--------------+------------------------------------------------+---------------------+--------------+
Note: For table entries with two numbers listed, the numbers in parentheses indicate the number of resources of the given type used by the specific entity alone. The numbers listed outside of parentheses indicate the total resources of the given type used by the specific entity and all of its sub-entities in the hierarchy.


Encoding Type:  One-Hot
+---------------------------------------------------------------------------------+
; State Machine - |apb_uart_controller|uart_rx:u_uart_rx|state                    ;
+----------------+---------------+---------------+----------------+---------------+
; Name           ; state.RX_STOP ; state.RX_DATA ; state.RX_START ; state.RX_IDLE ;
+----------------+---------------+---------------+----------------+---------------+
; state.RX_IDLE  ; 0             ; 0             ; 0              ; 0             ;
; state.RX_START ; 0             ; 0             ; 1              ; 1             ;
; state.RX_DATA  ; 0             ; 1             ; 0              ; 1             ;
; state.RX_STOP  ; 1             ; 0             ; 0              ; 1             ;
+----------------+---------------+---------------+----------------+---------------+


Encoding Type:  One-Hot
+---------------------------------------------------------------------------------+
; State Machine - |apb_uart_controller|uart_tx:u_uart_tx|state                    ;
+----------------+---------------+---------------+----------------+---------------+
; Name           ; state.TX_STOP ; state.TX_DATA ; state.TX_START ; state.TX_IDLE ;
+----------------+---------------+---------------+----------------+---------------+
; state.TX_IDLE  ; 0             ; 0             ; 0              ; 0             ;
; state.TX_START ; 0             ; 0             ; 1              ; 1             ;
; state.TX_DATA  ; 0             ; 1             ; 0              ; 1             ;
; state.TX_STOP  ; 1             ; 0             ; 0              ; 1             ;
+----------------+---------------+---------------+----------------+---------------+


+------------------------------------------------------------+
; Registers Removed During Synthesis                         ;
+---------------------------------------+--------------------+
; Register name                         ; Reason for Removal ;
+---------------------------------------+--------------------+
; uart_rx:u_uart_rx|state~8             ; Lost fanout        ;
; uart_rx:u_uart_rx|state~9             ; Lost fanout        ;
; uart_tx:u_uart_tx|state~8             ; Lost fanout        ;
; uart_tx:u_uart_tx|state~9             ; Lost fanout        ;
; Total Number of Removed Registers = 4 ;                    ;
+---------------------------------------+--------------------+


+------------------------------------------------------+
; General Register Statistics                          ;
+----------------------------------------------+-------+
; Statistic                                    ; Value ;
+----------------------------------------------+-------+
; Total registers                              ; 108   ;
; Number of registers using Synchronous Clear  ; 16    ;
; Number of registers using Synchronous Load   ; 0     ;
; Number of registers using Asynchronous Clear ; 108   ;
; Number of registers using Asynchronous Load  ; 0     ;
; Number of registers using Clock Enable       ; 58    ;
; Number of registers using Preset             ; 0     ;
+----------------------------------------------+-------+


+--------------------------------------------------+
; Inverted Register Statistics                     ;
+----------------------------------------+---------+
; Inverted Register                      ; Fan out ;
+----------------------------------------+---------+
; apb_slave:u_apb_slave|baud_div[0]      ; 2       ;
; apb_slave:u_apb_slave|baud_div[1]      ; 2       ;
; apb_slave:u_apb_slave|baud_div[3]      ; 2       ;
; apb_slave:u_apb_slave|baud_div[4]      ; 3       ;
; uart_tx:u_uart_tx|uart_txd             ; 1       ;
; uart_rx:u_uart_rx|rxd_sync2            ; 10      ;
; uart_rx:u_uart_rx|rxd_sync1            ; 1       ;
; Total number of inverted registers = 7 ;         ;
+----------------------------------------+---------+


+-------------------------------------------------------------------------------------------------------------------------------------------------------------------------+
; Multiplexer Restructuring Statistics (Restructuring Performed)                                                                                                          ;
+--------------------+-----------+---------------+----------------------+------------------------+------------+-----------------------------------------------------------+
; Multiplexer Inputs ; Bus Width ; Baseline Area ; Area if Restructured ; Saving if Restructured ; Registered ; Example Multiplexer Output                                ;
+--------------------+-----------+---------------+----------------------+------------------------+------------+-----------------------------------------------------------+
; 3:1                ; 16 bits   ; 32 LEs        ; 0 LEs                ; 32 LEs                 ; Yes        ; |apb_uart_controller|baud_generator:u_baud_gen|counter[1] ;
; 5:1                ; 7 bits    ; 21 LEs        ; 7 LEs                ; 14 LEs                 ; Yes        ; |apb_uart_controller|uart_tx:u_uart_tx|shift_reg[0]       ;
; 5:1                ; 3 bits    ; 9 LEs         ; 3 LEs                ; 6 LEs                  ; Yes        ; |apb_uart_controller|uart_rx:u_uart_rx|bit_cnt[2]         ;
; 5:1                ; 3 bits    ; 9 LEs         ; 3 LEs                ; 6 LEs                  ; Yes        ; |apb_uart_controller|uart_tx:u_uart_tx|bit_cnt[2]         ;
; 7:1                ; 4 bits    ; 16 LEs        ; 8 LEs                ; 8 LEs                  ; Yes        ; |apb_uart_controller|uart_tx:u_uart_tx|tick_cnt[3]        ;
; 10:1               ; 4 bits    ; 24 LEs        ; 8 LEs                ; 16 LEs                 ; Yes        ; |apb_uart_controller|uart_rx:u_uart_rx|tick_cnt[0]        ;
; 3:1                ; 8 bits    ; 16 LEs        ; 16 LEs               ; 0 LEs                  ; No         ; |apb_uart_controller|apb_slave:u_apb_slave|PRDATA[8]      ;
; 6:1                ; 2 bits    ; 8 LEs         ; 4 LEs                ; 4 LEs                  ; No         ; |apb_uart_controller|uart_tx:u_uart_tx|Selector4          ;
; 8:1                ; 2 bits    ; 10 LEs        ; 4 LEs                ; 6 LEs                  ; No         ; |apb_uart_controller|uart_rx:u_uart_rx|Selector9          ;
; 8:1                ; 2 bits    ; 10 LEs        ; 4 LEs                ; 6 LEs                  ; No         ; |apb_uart_controller|uart_rx:u_uart_rx|Selector6          ;
; 8:1                ; 2 bits    ; 10 LEs        ; 4 LEs                ; 6 LEs                  ; No         ; |apb_uart_controller|uart_tx:u_uart_tx|Selector3          ;
; 257:1              ; 3 bits    ; 513 LEs       ; 21 LEs               ; 492 LEs                ; No         ; |apb_uart_controller|apb_slave:u_apb_slave|PRDATA[7]      ;
; 257:1              ; 2 bits    ; 342 LEs       ; 16 LEs               ; 326 LEs                ; No         ; |apb_uart_controller|apb_slave:u_apb_slave|PRDATA[4]      ;
; 257:1              ; 3 bits    ; 513 LEs       ; 24 LEs               ; 489 LEs                ; No         ; |apb_uart_controller|apb_slave:u_apb_slave|PRDATA[0]      ;
+--------------------+-----------+---------------+----------------------+------------------------+------------+-----------------------------------------------------------+


+-----------------------------------------------------+
; Post-Synthesis Netlist Statistics for Top Partition ;
+-----------------------+-----------------------------+
; Type                  ; Count                       ;
+-----------------------+-----------------------------+
; arriav_ff             ; 108                         ;
;     CLR               ; 34                          ;
;     CLR SCLR          ; 16                          ;
;     ENA CLR           ; 58                          ;
; arriav_lcell_comb     ; 142                         ;
;     arith             ; 16                          ;
;         1 data inputs ; 16                          ;
;     extend            ; 2                           ;
;         7 data inputs ; 2                           ;
;     normal            ; 124                         ;
;         0 data inputs ; 2                           ;
;         1 data inputs ; 7                           ;
;         2 data inputs ; 8                           ;
;         3 data inputs ; 17                          ;
;         4 data inputs ; 27                          ;
;         5 data inputs ; 34                          ;
;         6 data inputs ; 29                          ;
; boundary_port         ; 81                          ;
;                       ;                             ;
; Max LUT depth         ; 4.00                        ;
; Average LUT depth     ; 2.16                        ;
+-----------------------+-----------------------------+


+-------------------------------+
; Elapsed Time Per Partition    ;
+----------------+--------------+
; Partition Name ; Elapsed Time ;
+----------------+--------------+
; Top            ; 00:00:00     ;
+----------------+--------------+


+-------------------------------+
; Analysis & Synthesis Messages ;
+-------------------------------+
Info: *******************************************************************
Info: Running Quartus Prime Analysis & Synthesis
    Info: Version 25.1std.0 Build 1129 10/21/2025 SC Lite Edition
    Info: Processing started: Tue Aug 18 22:20:53 2026
Info: Command: quartus_map --read_settings_files=on --write_settings_files=off apb_uart_controller -c uart_rev
Warning (18236): Number of processors has not been specified which may cause overloading on shared machines.  Set the global assignment NUM_PARALLEL_PROCESSORS in your QSF to an appropriate value for best performance.
Info (20030): Parallel compilation is enabled and will use 14 of the 14 processors detected
Info (12021): Found 1 design units, including 1 entities, in source file rtl/apb_slave.v
    Info (12023): Found entity 1: apb_slave File: C:/Users/AKSHAY/Downloads/UART/rtl/apb_slave.v Line: 16
Info (12021): Found 1 design units, including 1 entities, in source file rtl/apb_uart_controller.v
    Info (12023): Found entity 1: apb_uart_controller File: C:/Users/AKSHAY/Downloads/UART/rtl/apb_uart_controller.v Line: 20
Info (12021): Found 1 design units, including 1 entities, in source file rtl/baud_generator.v
    Info (12023): Found entity 1: baud_generator File: C:/Users/AKSHAY/Downloads/UART/rtl/baud_generator.v Line: 8
Info (12021): Found 1 design units, including 1 entities, in source file rtl/uart_rx.v
    Info (12023): Found entity 1: uart_rx File: C:/Users/AKSHAY/Downloads/UART/rtl/uart_rx.v Line: 9
Info (12021): Found 1 design units, including 1 entities, in source file rtl/uart_tx.v
    Info (12023): Found entity 1: uart_tx File: C:/Users/AKSHAY/Downloads/UART/rtl/uart_tx.v Line: 8
Info (12127): Elaborating entity "apb_uart_controller" for the top level hierarchy
Info (12128): Elaborating entity "apb_slave" for hierarchy "apb_slave:u_apb_slave" File: C:/Users/AKSHAY/Downloads/UART/rtl/apb_uart_controller.v Line: 89
Info (12128): Elaborating entity "baud_generator" for hierarchy "baud_generator:u_baud_gen" File: C:/Users/AKSHAY/Downloads/UART/rtl/apb_uart_controller.v Line: 98
Info (12128): Elaborating entity "uart_tx" for hierarchy "uart_tx:u_uart_tx" File: C:/Users/AKSHAY/Downloads/UART/rtl/apb_uart_controller.v Line: 110
Info (12128): Elaborating entity "uart_rx" for hierarchy "uart_rx:u_uart_rx" File: C:/Users/AKSHAY/Downloads/UART/rtl/apb_uart_controller.v Line: 123
Warning (13024): Output pins are stuck at VCC or GND
    Warning (13410): Pin "PRDATA[16]" is stuck at GND File: C:/Users/AKSHAY/Downloads/UART/rtl/apb_uart_controller.v Line: 29
    Warning (13410): Pin "PRDATA[17]" is stuck at GND File: C:/Users/AKSHAY/Downloads/UART/rtl/apb_uart_controller.v Line: 29
    Warning (13410): Pin "PRDATA[18]" is stuck at GND File: C:/Users/AKSHAY/Downloads/UART/rtl/apb_uart_controller.v Line: 29
    Warning (13410): Pin "PRDATA[19]" is stuck at GND File: C:/Users/AKSHAY/Downloads/UART/rtl/apb_uart_controller.v Line: 29
    Warning (13410): Pin "PRDATA[20]" is stuck at GND File: C:/Users/AKSHAY/Downloads/UART/rtl/apb_uart_controller.v Line: 29
    Warning (13410): Pin "PRDATA[21]" is stuck at GND File: C:/Users/AKSHAY/Downloads/UART/rtl/apb_uart_controller.v Line: 29
    Warning (13410): Pin "PRDATA[22]" is stuck at GND File: C:/Users/AKSHAY/Downloads/UART/rtl/apb_uart_controller.v Line: 29
    Warning (13410): Pin "PRDATA[23]" is stuck at GND File: C:/Users/AKSHAY/Downloads/UART/rtl/apb_uart_controller.v Line: 29
    Warning (13410): Pin "PRDATA[24]" is stuck at GND File: C:/Users/AKSHAY/Downloads/UART/rtl/apb_uart_controller.v Line: 29
    Warning (13410): Pin "PRDATA[25]" is stuck at GND File: C:/Users/AKSHAY/Downloads/UART/rtl/apb_uart_controller.v Line: 29
    Warning (13410): Pin "PRDATA[26]" is stuck at GND File: C:/Users/AKSHAY/Downloads/UART/rtl/apb_uart_controller.v Line: 29
    Warning (13410): Pin "PRDATA[27]" is stuck at GND File: C:/Users/AKSHAY/Downloads/UART/rtl/apb_uart_controller.v Line: 29
    Warning (13410): Pin "PRDATA[28]" is stuck at GND File: C:/Users/AKSHAY/Downloads/UART/rtl/apb_uart_controller.v Line: 29
    Warning (13410): Pin "PRDATA[29]" is stuck at GND File: C:/Users/AKSHAY/Downloads/UART/rtl/apb_uart_controller.v Line: 29
    Warning (13410): Pin "PRDATA[30]" is stuck at GND File: C:/Users/AKSHAY/Downloads/UART/rtl/apb_uart_controller.v Line: 29
    Warning (13410): Pin "PRDATA[31]" is stuck at GND File: C:/Users/AKSHAY/Downloads/UART/rtl/apb_uart_controller.v Line: 29
    Warning (13410): Pin "PREADY" is stuck at VCC File: C:/Users/AKSHAY/Downloads/UART/rtl/apb_uart_controller.v Line: 30
Info (286030): Timing-Driven Synthesis is running
Info (17049): 4 registers lost all their fanouts during netlist optimizations.
Info (144001): Generated suppressed messages file C:/Users/AKSHAY/Downloads/UART/uart_rev.map.smsg
Info (16010): Generating hard_block partition "hard_block:auto_generated_inst"
    Info (16011): Adding 0 node(s), including 0 DDIO, 0 PLL, 0 transceiver and 0 LCELL
Warning (21074): Design contains 16 input pin(s) that do not drive logic
    Warning (15610): No output dependent on input pin "PWDATA[16]" File: C:/Users/AKSHAY/Downloads/UART/rtl/apb_uart_controller.v Line: 28
    Warning (15610): No output dependent on input pin "PWDATA[17]" File: C:/Users/AKSHAY/Downloads/UART/rtl/apb_uart_controller.v Line: 28
    Warning (15610): No output dependent on input pin "PWDATA[18]" File: C:/Users/AKSHAY/Downloads/UART/rtl/apb_uart_controller.v Line: 28
    Warning (15610): No output dependent on input pin "PWDATA[19]" File: C:/Users/AKSHAY/Downloads/UART/rtl/apb_uart_controller.v Line: 28
    Warning (15610): No output dependent on input pin "PWDATA[20]" File: C:/Users/AKSHAY/Downloads/UART/rtl/apb_uart_controller.v Line: 28
    Warning (15610): No output dependent on input pin "PWDATA[21]" File: C:/Users/AKSHAY/Downloads/UART/rtl/apb_uart_controller.v Line: 28
    Warning (15610): No output dependent on input pin "PWDATA[22]" File: C:/Users/AKSHAY/Downloads/UART/rtl/apb_uart_controller.v Line: 28
    Warning (15610): No output dependent on input pin "PWDATA[23]" File: C:/Users/AKSHAY/Downloads/UART/rtl/apb_uart_controller.v Line: 28
    Warning (15610): No output dependent on input pin "PWDATA[24]" File: C:/Users/AKSHAY/Downloads/UART/rtl/apb_uart_controller.v Line: 28
    Warning (15610): No output dependent on input pin "PWDATA[25]" File: C:/Users/AKSHAY/Downloads/UART/rtl/apb_uart_controller.v Line: 28
    Warning (15610): No output dependent on input pin "PWDATA[26]" File: C:/Users/AKSHAY/Downloads/UART/rtl/apb_uart_controller.v Line: 28
    Warning (15610): No output dependent on input pin "PWDATA[27]" File: C:/Users/AKSHAY/Downloads/UART/rtl/apb_uart_controller.v Line: 28
    Warning (15610): No output dependent on input pin "PWDATA[28]" File: C:/Users/AKSHAY/Downloads/UART/rtl/apb_uart_controller.v Line: 28
    Warning (15610): No output dependent on input pin "PWDATA[29]" File: C:/Users/AKSHAY/Downloads/UART/rtl/apb_uart_controller.v Line: 28
    Warning (15610): No output dependent on input pin "PWDATA[30]" File: C:/Users/AKSHAY/Downloads/UART/rtl/apb_uart_controller.v Line: 28
    Warning (15610): No output dependent on input pin "PWDATA[31]" File: C:/Users/AKSHAY/Downloads/UART/rtl/apb_uart_controller.v Line: 28
Info (21057): Implemented 269 device resources after synthesis - the final resource count might be different
    Info (21058): Implemented 46 input pins
    Info (21059): Implemented 35 output pins
    Info (21061): Implemented 188 logic cells
Info: Quartus Prime Analysis & Synthesis was successful. 0 errors, 36 warnings
    Info: Peak virtual memory: 4881 megabytes
    Info: Processing ended: Tue Aug 18 22:20:59 2026
    Info: Elapsed time: 00:00:06
    Info: Total CPU time (on all processors): 00:00:14


+------------------------------------------+
; Analysis & Synthesis Suppressed Messages ;
+------------------------------------------+
The suppressed messages can be found in C:/Users/AKSHAY/Downloads/UART/uart_rev.map.smsg.


